// Jest Snapshot v1, https://goo.gl/fbAQLP

exports[`TruckList component matches a snapshot 1`] = `
<Fragment>
  <h1>
    Truck Information
  </h1>
  <ul
    className="trucksList"
  >
    <li
      key="a0"
    >
      <Truck
        id="a0"
        name="Truck 0"
      />
    </li>
  </ul>
</Fragment>
`;
