// Jest Snapshot v1, https://goo.gl/fbAQLP

exports[`TruckTable component matches a snapshot 1`] = `
<Fragment>
  <h1>
    Where's my truck?
  </h1>
  <table
    className="table"
  >
    <thead>
      <tr>
        <th
          className="tableHeader"
        >
          Truck:
        </th>
        <th
          className="tableHeader"
        >
          Location:
        </th>
      </tr>
    </thead>
    <tbody>
      <tr>
        <td>
          Truck 0
        </td>
        <td>
          10th and Couch
        </td>
      </tr>
    </tbody>
  </table>
</Fragment>
`;
