// Jest Snapshot v1, https://goo.gl/fbAQLP

exports[`MaintenanceList component matches a snapshot 1`] = `
<Fragment>
  <h1>
    Truck 0
  </h1>
  <table
    className="table threeColumns"
  >
    <thead>
      <th>
        Date
      </th>
      <th>
        Type
      </th>
      <th>
        Notes
      </th>
    </thead>
    <tbody>
      <tr
        key="0"
      >
        <td />
        <td>
          oil change
        </td>
        <td />
      </tr>
    </tbody>
  </table>
</Fragment>
`;
